x:0, y:0, cr:0, cg:0, cb:0
x:0, y:1, cr:0, cg:0, cb:0
x:0, y:2, cr:0, cg:0, cb:0
x:0, y:3, cr:0, cg:0, cb:0
x:0, y:4, cr:0, cg:0, cb:0
x:0, y:6, cr:0, cg:0, cb:0
x:0, y:7, cr:0, cg:0, cb:0
x:0, y:5, cr:0, cg:0, cb:0
x:0, y:9, cr:0, cg:0, cb:0
x:0, y:8, cr:0, cg:0, cb:0
x:0, y:11, cr:0, cg:0, cb:0
x:0, y:12, cr:0, cg:0, cb:0
x:0, y:13, cr:0, cg:0, cb:0
x:0, y:10, cr:0, cg:0, cb:0
x:0, y:14, cr:0, cg:0, cb:0
x:0, y:16, cr:0, cg:0, cb:0
x:0, y:17, cr:0, cg:0, cb:0
x:0, y:15, cr:0, cg:0, cb:0
x:0, y:18, cr:0, cg:0, cb:0
x:0, y:19, cr:0, cg:0, cb:0
x:2, y:19, cr:0, cg:0, cb:0
x:1, y:19, cr:0, cg:0, cb:0
x:5, y:19, cr:0, cg:0, cb:0
x:3, y:19, cr:0, cg:0, cb:0
x:4, y:19, cr:0, cg:0, cb:0
x:6, y:19, cr:0, cg:0, cb:0
x:7, y:19, cr:0, cg:0, cb:0
x:8, y:19, cr:0, cg:0, cb:0
x:9, y:19, cr:0, cg:0, cb:0
x:10, y:19, cr:255, cg:255, cb:255
x:11, y:19, cr:0, cg:0, cb:0
x:13, y:19, cr:0, cg:0, cb:0
x:12, y:19, cr:0, cg:0, cb:0
x:15, y:19, cr:0, cg:0, cb:0
x:14, y:19, cr:0, cg:0, cb:0
x:16, y:19, cr:0, cg:0, cb:0
x:17, y:19, cr:0, cg:0, cb:0
x:19, y:19, cr:0, cg:0, cb:0
x:18, y:19, cr:0, cg:0, cb:0
x:19, y:18, cr:0, cg:0, cb:0
x:19, y:17, cr:0, cg:0, cb:0
x:19, y:16, cr:0, cg:0, cb:0
x:19, y:15, cr:0, cg:0, cb:0
x:19, y:14, cr:0, cg:0, cb:0
x:19, y:13, cr:0, cg:0, cb:0
x:19, y:12, cr:0, cg:0, cb:0
x:19, y:11, cr:0, cg:0, cb:0
x:19, y:10, cr:0, cg:0, cb:0
x:19, y:9, cr:0, cg:0, cb:0
x:19, y:8, cr:0, cg:0, cb:0
x:19, y:7, cr:0, cg:0, cb:0
x:19, y:6, cr:0, cg:0, cb:0
x:19, y:5, cr:0, cg:0, cb:0
x:19, y:4, cr:0, cg:0, cb:0
x:19, y:3, cr:0, cg:0, cb:0
x:19, y:2, cr:0, cg:0, cb:0
x:19, y:1, cr:0, cg:0, cb:0
x:19, y:0, cr:0, cg:0, cb:0
x:18, y:0, cr:0, cg:0, cb:0
x:16, y:0, cr:0, cg:0, cb:0
x:9, y:0, cr:0, cg:0, cb:0
x:5, y:0, cr:0, cg:0, cb:0
x:1, y:0, cr:0, cg:0, cb:0
x:2, y:0, cr:0, cg:0, cb:0
x:3, y:0, cr:0, cg:0, cb:0
x:4, y:0, cr:0, cg:0, cb:0
x:6, y:0, cr:0, cg:0, cb:0
x:7, y:0, cr:0, cg:0, cb:0
x:8, y:0, cr:0, cg:0, cb:0
x:10, y:0, cr:0, cg:0, cb:0
x:11, y:0, cr:0, cg:0, cb:0
x:12, y:0, cr:0, cg:0, cb:0
x:14, y:0, cr:0, cg:0, cb:0
x:15, y:0, cr:0, cg:0, cb:0
x:17, y:0, cr:0, cg:0, cb:0
x:13, y:0, cr:0, cg:0, cb:0
x:4, y:1, cr:0, cg:0, cb:0
x:4, y:2, cr:0, cg:0, cb:0
x:4, y:4, cr:0, cg:0, cb:0
x:4, y:5, cr:0, cg:0, cb:0
x:4, y:3, cr:0, cg:0, cb:0
x:1, y:5, cr:0, cg:0, cb:0
x:3, y:5, cr:0, cg:0, cb:0
x:1, y:6, cr:0, cg:255, cb:0
x:3, y:6, cr:0, cg:255, cb:0
x:8, y:18, cr:0, cg:0, cb:0
x:8, y:16, cr:0, cg:0, cb:0
x:8, y:14, cr:0, cg:0, cb:0
x:8, y:12, cr:0, cg:0, cb:0
x:8, y:13, cr:0, cg:0, cb:0
x:8, y:15, cr:0, cg:0, cb:0
x:8, y:17, cr:0, cg:0, cb:0
x:12, y:18, cr:0, cg:0, cb:0
x:12, y:17, cr:0, cg:0, cb:0
x:12, y:16, cr:0, cg:0, cb:0
x:12, y:15, cr:0, cg:0, cb:0
x:12, y:13, cr:0, cg:0, cb:0
x:12, y:12, cr:0, cg:0, cb:0
x:12, y:14, cr:0, cg:0, cb:0
x:9, y:18, cr:0, cg:255, cb:0
x:9, y:16, cr:0, cg:255, cb:0
x:9, y:14, cr:0, cg:255, cb:0
x:9, y:12, cr:0, cg:255, cb:0
x:11, y:12, cr:0, cg:255, cb:0
x:11, y:14, cr:0, cg:255, cb:0
x:11, y:16, cr:0, cg:255, cb:0
x:11, y:18, cr:0, cg:255, cb:0
x:2, y:2, cr:0, cg:255, cb:0
x:18, y:7, cr:0, cg:0, cb:0
x:16, y:7, cr:0, cg:0, cb:0
x:13, y:7, cr:0, cg:0, cb:0
x:10, y:7, cr:0, cg:0, cb:0
x:11, y:7, cr:0, cg:0, cb:0
x:12, y:7, cr:0, cg:0, cb:0
x:14, y:7, cr:0, cg:0, cb:0
x:17, y:7, cr:0, cg:0, cb:0
x:15, y:7, cr:0, cg:0, cb:0
x:10, y:6, cr:0, cg:0, cb:0
x:10, y:5, cr:0, cg:0, cb:0
x:10, y:2, cr:0, cg:0, cb:0
x:10, y:3, cr:255, cg:255, cb:255
x:10, y:1, cr:0, cg:0, cb:0
x:14, y:1, cr:0, cg:0, cb:0
x:14, y:2, cr:0, cg:0, cb:0
x:14, y:6, cr:0, cg:0, cb:0
x:14, y:4, cr:255, cg:255, cb:255
x:14, y:5, cr:0, cg:0, cb:0
x:9, y:5, cr:0, cg:255, cb:0
x:8, y:2, cr:255, cg:255, cb:255
x:9, y:2, cr:0, cg:255, cb:0
x:15, y:2, cr:0, cg:255, cb:0
x:13, y:2, cr:0, cg:255, cb:0
x:13, y:5, cr:0, cg:255, cb:0
x:15, y:5, cr:0, cg:255, cb:0
x:10, y:9, cr:255, cg:0, cb:0
x:3, y:16, cr:0, cg:0, cb:255
x:1, y:9, cr:0, cg:0, cb:0
x:2, y:9, cr:0, cg:0, cb:0
x:3, y:9, cr:0, cg:0, cb:0
x:4, y:9, cr:0, cg:0, cb:0
x:5, y:9, cr:0, cg:0, cb:0
x:5, y:10, cr:0, cg:0, cb:0
x:7, y:12, cr:0, cg:0, cb:0
x:13, y:12, cr:0, cg:0, cb:0
x:14, y:12, cr:0, cg:0, cb:0
x:15, y:12, cr:0, cg:0, cb:0
x:16, y:12, cr:0, cg:0, cb:0
x:17, y:12, cr:0, cg:0, cb:0
x:17, y:13, cr:0, cg:0, cb:0
x:17, y:14, cr:0, cg:0, cb:0
x:17, y:15, cr:0, cg:0, cb:0
x:17, y:16, cr:0, cg:0, cb:0
x:17, y:17, cr:0, cg:0, cb:0
x:16, y:17, cr:0, cg:0, cb:0
x:15, y:17, cr:255, cg:255, cb:255
x:14, y:18, cr:0, cg:0, cb:0
x:14, y:17, cr:0, cg:0, cb:0
x:14, y:15, cr:0, cg:0, cb:0
x:14, y:14, cr:0, cg:0, cb:0
x:15, y:14, cr:0, cg:0, cb:0
x:14, y:16, cr:0, cg:0, cb:0
x:13, y:18, cr:0, cg:255, cb:0
x:2, y:14, cr:0, cg:255, cb:0
x:3, y:11, cr:0, cg:255, cb:0
x:5, y:15, cr:0, cg:255, cb:0
x:6, y:17, cr:0, cg:255, cb:0
